// Jest Snapshot v1, https://goo.gl/fbAQLP

exports[`graphActions should create an action to change graph display type 1`] = `
Object {
  "payload": "IN",
  "type": "CHANGE_GRAPH_DISPLAY_TYPE",
}
`;

exports[`graphActions should create an action to change the graph date range 1`] = `
Object {
  "payload": Object {
    "date": "2018-04-04",
    "type": "FROM",
  },
  "type": "CHANGE_GRAPH_DATE_RANGE",
}
`;

exports[`graphActions should create an action to change the graph display option 1`] = `
Object {
  "payload": "day",
  "type": "CHANGE_GRAPH_DISPLAY_OPTION",
}
`;

exports[`graphActions should create an action to set graph data 1`] = `
Object {
  "payload": Array [
    Object {
      "IN": 1,
      "OUT": 1,
      "PRESENCE": 0,
      "name": "Hello",
    },
  ],
  "type": "SET_GRAPH_DATA",
}
`;
