// Jest Snapshot v1, https://goo.gl/fbAQLP

exports[`userActions should create an action for user login request 1`] = `
Object {
  "payload": Object {
    "loginInfo": Object {
      "email": "hello@test.com",
      "password": "1234",
      "rememberMe": true,
    },
  },
  "type": "LOGIN_USER_REQUEST",
}
`;

exports[`userActions should create an action for user logout 1`] = `
Object {
  "payload": Object {
    "user": 1,
  },
  "type": "LOGOUT_USER",
}
`;
