// Jest Snapshot v1, https://goo.gl/fbAQLP

exports[`userActions should create an action for set failed user  1`] = `
Object {
  "error": true,
  "payload": [Error: Invalid Email],
  "type": "SET_USER",
}
`;

exports[`userActions should create an action for set user 1`] = `
Object {
  "payload": Object {
    "token": "1233",
    "user": Object {
      "email": "hello@test.com",
      "password": "1234",
      "rememberMe": true,
    },
  },
  "type": "SET_USER",
}
`;

exports[`userActions should create an action for user login request 1`] = `[Function]`;

exports[`userActions should create an action for user logout 1`] = `
Object {
  "payload": Object {
    "user": Object {
      "email": "hello@gamil.com",
      "name": "Hello",
    },
  },
  "type": "LOGOUT_USER",
}
`;
