// Jest Snapshot v1, https://goo.gl/fbAQLP

exports[`entriesActions should create an action to add entries data 1`] = `
Object {
  "payload": Array [
    Object {
      "entry": 1,
      "exit": 2,
      "id": 1,
      "locationId": 1,
      "time": 12345656,
    },
  ],
  "type": "ADD_ENTRIES",
}
`;

exports[`entriesActions should create an action to change entries range 1`] = `
Object {
  "payload": Object {
    "from": 1524873600000,
    "to": 1524873600000,
  },
  "type": "CHANGE_ENTRIES_RANGE",
}
`;

exports[`entriesActions should create an action to fetch entries 1`] = `
Object {
  "payload": Object {
    "email": "hello@test.com",
    "locationId": 2,
    "merchantId": 1234,
    "token": 12,
  },
  "type": "FETCH_ENTRIES",
}
`;

exports[`entriesActions should create an action to set failed entries data 1`] = `
Object {
  "error": true,
  "payload": [Error: Failed to fetch],
  "type": "ADD_ENTRIES",
}
`;
